avg_latency: 0.0162304 ms
avg_latency: 0.0161729 ms
avg_latency: 0.0173136 ms
avg_latency: 0.0171237 ms
avg_latency: 0.017609 ms
avg_latency: 0.0171929 ms
avg_latency: 0.0174824 ms
avg_latency: 0.0173213 ms
avg_latency: 0.01605 ms
avg_latency: 0.0161812 ms
