agg_throughput: 59700.6 ops/sec
agg_throughput: 65490.3 ops/sec
agg_throughput: 58960.8 ops/sec
agg_throughput: 58859 ops/sec
agg_throughput: 59631.4 ops/sec
