	Command being timed: "../out-perf.masstree/benchmarks/dbtest --verbose --bench tpcc --num-threads 1 --scale-factor 1 --runtime 400"
	User time (seconds): 408.61
	System time (seconds): 10.80
	Percent of CPU this job got: 102%
	Elapsed (wall clock) time (h:mm:ss or m:ss): 6:49.79
	Average shared text size (kbytes): 0
	Average unshared data size (kbytes): 0
	Average stack size (kbytes): 0
	Average total size (kbytes): 0
	Maximum resident set size (kbytes): 10154556
	Average resident set size (kbytes): 0
	Major (requiring I/O) page faults: 2
	Minor (reclaiming a frame) page faults: 5990873
	Voluntary context switches: 10136
	Involuntary context switches: 582
	Swaps: 0
	File system inputs: 0
	File system outputs: 312
	Socket messages sent: 0
	Socket messages received: 0
	Signals delivered: 0
	Page size (bytes): 4096
	Exit status: 0
