	Command being timed: "../out-perf.masstree/benchmarks/dbtest --verbose --bench tpcc --num-threads 1 --scale-factor 1 --runtime 700"
	User time (seconds): 709.04
	System time (seconds): 17.38
	Percent of CPU this job got: 101%
	Elapsed (wall clock) time (h:mm:ss or m:ss): 11:53.35
	Average shared text size (kbytes): 0
	Average unshared data size (kbytes): 0
	Average stack size (kbytes): 0
	Average total size (kbytes): 0
	Maximum resident set size (kbytes): 18324208
	Average resident set size (kbytes): 0
	Major (requiring I/O) page faults: 1
	Minor (reclaiming a frame) page faults: 13110873
	Voluntary context switches: 17600
	Involuntary context switches: 3484
	Swaps: 0
	File system inputs: 0
	File system outputs: 312
	Socket messages sent: 0
	Socket messages received: 0
	Signals delivered: 0
	Page size (bytes): 4096
	Exit status: 0
