	Maximum resident set size (kbytes): 428780
	Maximum resident set size (kbytes): 468844
	Maximum resident set size (kbytes): 437040
	Maximum resident set size (kbytes): 461852
	Maximum resident set size (kbytes): 434468
	Maximum resident set size (kbytes): 467980
	Maximum resident set size (kbytes): 431496
	Maximum resident set size (kbytes): 442284
	Maximum resident set size (kbytes): 422484
	Maximum resident set size (kbytes): 423604
