	Maximum resident set size (kbytes): 26097704
	Maximum resident set size (kbytes): 24360612
	Maximum resident set size (kbytes): 26106904
	Maximum resident set size (kbytes): 24320576
	Maximum resident set size (kbytes): 25554064
	Maximum resident set size (kbytes): 24168588
	Maximum resident set size (kbytes): 24104456
	Maximum resident set size (kbytes): 25794308
	Maximum resident set size (kbytes): 24347368
	Maximum resident set size (kbytes): 24607700
