agg_throughput: 59598.9 ops/sec
agg_throughput: 65977.3 ops/sec
agg_throughput: 59538.1 ops/sec
agg_throughput: 59658.9 ops/sec
