	Command being timed: "../out-perf.masstree/benchmarks/dbtest --verbose --bench tpcc --num-threads 1 --scale-factor 1 --runtime 600 2"
	User time (seconds): 607.53
	System time (seconds): 14.99
	Percent of CPU this job got: 101%
	Elapsed (wall clock) time (h:mm:ss or m:ss): 10:11.32
	Average shared text size (kbytes): 0
	Average unshared data size (kbytes): 0
	Average stack size (kbytes): 0
	Average total size (kbytes): 0
	Maximum resident set size (kbytes): 14809408
	Average resident set size (kbytes): 0
	Major (requiring I/O) page faults: 1
	Minor (reclaiming a frame) page faults: 10369981
	Voluntary context switches: 15123
	Involuntary context switches: 2885
	Swaps: 0
	File system inputs: 0
	File system outputs: 336
	Socket messages sent: 0
	Socket messages received: 0
	Signals delivered: 0
	Page size (bytes): 4096
	Exit status: 0
