agg_throughput: 62979.5 ops/sec
agg_throughput: 57973.8 ops/sec
agg_throughput: 58521.6 ops/sec
agg_throughput: 57336.5 ops/sec
agg_throughput: 62564.1 ops/sec
