avg_latency: 0.0167352 ms
avg_latency: 0.0151148 ms
avg_latency: 0.0167528 ms
avg_latency: 0.0167177 ms
