	Maximum resident set size (kbytes): 12140844
	Maximum resident set size (kbytes): 12146372
	Maximum resident set size (kbytes): 13147268
	Maximum resident set size (kbytes): 12079596
	Maximum resident set size (kbytes): 11959812
