avg_latency: 0.01489 ms
avg_latency: 0.0149675 ms
avg_latency: 0.0151554 ms
avg_latency: 0.0156965 ms
avg_latency: 0.0156927 ms
