agg_throughput: 65640.4 ops/sec
agg_throughput: 63382.1 ops/sec
agg_throughput: 63408.5 ops/sec
agg_throughput: 62941.6 ops/sec
agg_throughput: 59089.1 ops/sec
