	Command being timed: "../out-perf.masstree/benchmarks/dbtest --verbose --bench tpcc --num-threads 1 --scale-factor 1 --runtime 10"
	User time (seconds): 11.87
	System time (seconds): 0.44
	Percent of CPU this job got: 109%
	Elapsed (wall clock) time (h:mm:ss or m:ss): 0:11.21
	Average shared text size (kbytes): 0
	Average unshared data size (kbytes): 0
	Average stack size (kbytes): 0
	Average total size (kbytes): 0
	Maximum resident set size (kbytes): 465068
	Average resident set size (kbytes): 0
	Major (requiring I/O) page faults: 1
	Minor (reclaiming a frame) page faults: 283730
	Voluntary context switches: 400
	Involuntary context switches: 38
	Swaps: 0
	File system inputs: 0
	File system outputs: 328
	Socket messages sent: 0
	Socket messages received: 0
	Signals delivered: 0
	Page size (bytes): 4096
	Exit status: 0
