avg_latency: 0.0167062 ms
avg_latency: 0.0152289 ms
avg_latency: 0.0169176 ms
avg_latency: 0.0169444 ms
avg_latency: 0.016727 ms
