Database Benchmark:
  pid: 243200
settings:
  par-loading : 0
  pin-cpus    : 0
  slow-exit   : 0
  retry-txns  : 0
  backoff-txns: 0
  bench       : tpcc
  scale       : 1
  num-cpus    : 40
  num-threads : 1
  db-type     : ndb-proto2
  basedir     : /users/rw2800/silo/tests
  txn-flags   : 0
  runtime     : 60
  var-encode  : yes
  allocator   : jemalloc
  numa-memory : disabled
  logfiles : []
  assignments : []
  disable-gc : 0
  disable-snapshots : 0
  stats-server-sockfile: 
system properties:
  btree_internal_node_size: 264
  btree_leaf_node_size    : 312
  tuple_prefetch          : no
  btree_node_prefetch     : yes
tpcc settings:
  cross_partition_transactions : 1
  read_only_snapshots          : 1
  partition_locks              : 0
  separate_tree_per_partition  : 0
  new_order_remote_item_pct    : 1
  new_order_fast_id_gen        : 0
  uniform_item_dist            : 0
  order_status_scan_hack       : 0
  workload_mix                 : [45, 43, 4, 4, 4]
num batches: 30
[INFO] finished loading district[INFO] finished loading warehouse
[INFO]   * average warehouse record length: 
[INFO]   * average district record length: 97 bytes99 bytes

[INFO] finished loading order
[INFO]   * average order_line record length: 10.9193 bytes
[INFO]   * average oorder record length: 7.4286 bytes
[INFO]   * average new_order record length: 12 bytes
[INFO] finished loading item
[INFO]   * average item record length: 84.1739 bytes
[INFO] finished loading customer
[INFO]   * average customer record length: 656.725 bytes 
[INFO] finished loading stock
[INFO]   * average stock record length: 8 bytes
timed region dataloading took 797.532 ms
DB size: 172.754 MB
wait_an_epoch(): consistent reads happening in e-1, but e=0 so special case
[0, 0, 0] txns persisted in loading phase
table customer_0 size 30000
table customer_name_idx_0 size 30000
table district_0 size 10
table history_0 size 30000
table item_0 size 100000
table new_order_0 size 9000
table oorder_0 size 30000
table oorder_c_id_idx_0 size 30000
table order_line_0 size 299560
table stock_0 size 100000
table stock_data_0 size 100000
table warehouse_0 size 1
starting benchmark...
tpcc: worker id 40 => warehouses [1, 2)
--- table statistics ---
table customer_0 size 30000 (+0 records)
table customer_name_idx_0 size 30000 (+0 records)
table district_0 size 10 (+0 records)
table history_0 size 1550465 (+1520465 records)
table item_0 size 100000 (+0 records)
table new_order_0 size 202674 (+193674 records)
table oorder_0 size 1622574 (+1592574 records)
table oorder_c_id_idx_0 size 1622574 (+1592574 records)
table order_line_0 size 16227486 (+15927926 records)
table stock_0 size 100000 (+0 records)
table stock_data_0 size 100000 (+0 records)
table warehouse_0 size 1 (+0 records)
--- benchmark statistics ---
runtime: 60.0002 sec
memory delta: 2053.33 MB
memory delta rate: 34.222 MB/sec
logical memory delta: 225.021 MB
logical memory delta rate: 3.75033 MB/sec
agg_nosync_throughput: 58960.8 ops/sec
avg_nosync_per_core_throughput: 58960.8 ops/sec/core
agg_throughput: 58960.8 ops/sec
avg_per_core_throughput: 58960.8 ops/sec/core
agg_persist_throughput: 58960.8 ops/sec
avg_per_core_persist_throughput: 58960.8 ops/sec/core
avg_latency: 0.0169176 ms
avg_persist_latency: 0 ms
agg_abort_rate: 0 aborts/sec
avg_per_core_abort_rate: 0 aborts/sec/core
txn breakdown: [[Delivery, 141828], [NewOrder, 1592574], [OrderStatus, 141443], [Payment, 1520465], [StockLevel, 141348]]
--- system counters (for benchmark) ---
--- perf counters (if enabled, for benchmark) ---
--- allocator stats ---
[allocator] ncpus=0
---------------------------------------
dumping heap profile...
printing jemalloc stats...
