agg_throughput: 64361.4 ops/sec
agg_throughput: 65131.9 ops/sec
agg_throughput: 61105.5 ops/sec
agg_throughput: 58873.7 ops/sec
agg_throughput: 59935.1 ops/sec
