agg_throughput: 61589 ops/sec
agg_throughput: 57465.5 ops/sec
agg_throughput: 61607.9 ops/sec
agg_throughput: 57372.3 ops/sec
agg_throughput: 60292.5 ops/sec
agg_throughput: 57006.7 ops/sec
agg_throughput: 56859.7 ops/sec
agg_throughput: 60871.5 ops/sec
agg_throughput: 57432.2 ops/sec
agg_throughput: 58048.2 ops/sec
