	Maximum resident set size (kbytes): 731928
	Maximum resident set size (kbytes): 714148
	Maximum resident set size (kbytes): 714264
	Maximum resident set size (kbytes): 709576
	Maximum resident set size (kbytes): 676080
