	Maximum resident set size (kbytes): 1690148
	Maximum resident set size (kbytes): 1642416
	Maximum resident set size (kbytes): 1638172
	Maximum resident set size (kbytes): 1631092
	Maximum resident set size (kbytes): 1637776
	Maximum resident set size (kbytes): 1759532
	Maximum resident set size (kbytes): 1721132
	Maximum resident set size (kbytes): 1739236
	Maximum resident set size (kbytes): 1670288
	Maximum resident set size (kbytes): 1630516
